<!DOCTYPE html>
<html lang="en">
<head>
    <meta charset="UTF-8">
    <meta name="viewport" content="width=device-width, initial-scale=1.0">
    <meta http-equiv="X-UA-Compatible" content="ie=edge">
    <title>Document</title>
    <link rel="stylesheet" href="bootstrap_4/css/bootstrap.min.css">
    <link rel="stylesheet" href="style/style.css">
    <link rel="stylesheet" href="fonts/fonts.css">
    <link rel="stylesheet" href="style/media.css">
</head>
<body>
    
    <header>
        <div class="container">

    <!-- ==================================================================================================== -->
            
            <nav class="navbar navbar-expand-lg navbar-dark">

                <a class="navbar-brand" href="#">
                    <img src="img/logo.png" alt="logo">
                </a>

                <button class="navbar-toggler" type="button" data-toggle="collapse" data-target="#navbarSupportedContent">
                    <span class="navbar-toggler-icon"></span>
                </button>
            
                <div class="collapse navbar-collapse" id="navbarSupportedContent">

                    <ul class="navbar-nav ml-auto text-uppercase">

                        <li class="nav-item">
                            <a class="nav-link" href="#">Home</a>
                        </li>
                        <li class="nav-item">
                            <a class="nav-link" href="#">Services</a>
                        </li>
                        <li class="nav-item">
                            <a class="nav-link" href="#">Portfolio</a>
                        </li>
                        <li class="nav-item">
                            <a class="nav-link" href="#">About</a>
                        </li>
                        <li class="nav-item">
                            <a class="nav-link" href="#">Contact</a>
                        </li>

                    </ul>

                </div>
            </nav>

    <!-- ==================================================================================================== -->
       
            <div class="row">
                <div class="col">
                    <h3 class="text-center header_h3">Welcome To Our Studio!</h3>
                </div>
            </div>

            <div class="row">
                <div class="col">
                    <h1 class="text-center header_h1 text-uppercase">It's nice to Meet you</h1>
                </div>
            </div>
            <div class="row justify-content-center">
                <button type="button" class="btn btn-yellow text-uppercase">Tell Me More</button>
            </div>

    <!-- ==================================================================================================== -->
       
        </div>
    </header>

<!-- ==================================================================================================== -->

    <section>

<!-- ==================================================================================================== -->

        <div class="services block_padding">
            <div class="container">

                <h2 class="text-center">Services</h2>       
                <h4 class="text-center margin_h4">Proin iaculis purus consequat sem cure.</h4>        

                <div class="row">
                    <div class="col-sm-12 col-md-4 block_center">
                        <div class="x_radius block_center">
                            <img src="img/service_1.png">
                        </div>
                        <h3>E-Commerce</h3>
                        <p class="text-center">Proin iaculis purus consequat sem cure digni ssim. Donec porttitora entum suscipit aenean rhoncus posuere odio in tinciudnt.</p>
                    </div>
                    <div class="col-sm-12 col-md-4 block_center">
                        <div class="x_radius block_center">
                            <img src="img/service_2.png">
                        </div>
                        <h3>Responsive Web</h3>
                        <p class="text-center">Proin iaculis purus consequat sem cure digni ssim. Donec porttitora entum suscipit aenean rhoncus posuere odio in tinciudnt.</p>
                    </div>
                    <div class="col-sm-12 col-md-4 block_center">
                        <div class="x_radius block_center">
                            <img src="img/service_3.png">
                        </div>
                        <h3>Web Security</h3>
                        <p class="text-center">Proin iaculis purus consequat sem cure digni ssim. Donec porttitora entum suscipit aenean rhoncus posuere odio in tinciudnt.</p>
                    </div>
                </div>
                
            </div>
        </div>

<!-- ==================================================================================================== -->

        <div class="our_portfolio block_padding">
            <div class="container">

                <h2 class="text-center">Our Portfolio</h2>       
                <h4 class="text-center margin_h4">Proin iaculis purus consequat sem cure.</h4>  

                <div class="row">
                    <div class="col-md-6 col-lg-4 block_center">
                        <div class="our_portfolio_img">
                            <img src="img/portfolio_1.jpg">
                        </div>
                        <div class="our_portfolio_text block_center">
                            <h3>Ebony & Ivory</h3>
                            <h4>Branding</h4>
                        </div>
                    </div>
                    <div class="col-md-6 col-lg-4 block_center">
                        <div class="our_portfolio_img">
                            <img src="img/portfolio_2.jpg">
                        </div>
                        <div class="our_portfolio_text block_center">
                            <h3>Smart Stationary</h3>
                            <h4>Print Design</h4>
                        </div>
                    </div>
                    <div class="col-md-6 col-lg-4 block_center">
                        <div class="our_portfolio_img">
                            <img src="img/portfolio_3.jpg">
                        </div>
                        <div class="our_portfolio_text block_center">
                            <h3>Clever Poster</h3>
                            <h4>Print Design</h4>
                        </div>
                    </div>
                    <div class="col-md-6 col-lg-4 block_center">
                        <div class="our_portfolio_img">
                            <img src="img/portfolio_4.jpg">
                        </div>
                        <div class="our_portfolio_text block_center">
                            <h3>Vinyl Record</h3>
                            <h4>Product Mock-Up</h4>
                        </div>
                    </div>
                    <div class="col-md-6 col-lg-4 block_center">
                        <div class="our_portfolio_img">
                            <img src="img/portfolio_5.jpg">
                        </div>
                        <div class="our_portfolio_text block_center">
                            <h3>Treehouse Template</h3>
                            <h4>Web Design</h4>
                        </div>
                    </div>
                    <div class="col-md-6 col-lg-4 block_center">
                        <div class="our_portfolio_img">
                            <img src="img/portfolio_6.jpg">
                        </div>
                        <div class="our_portfolio_text block_center">
                            <h3>Burned Logo</h3>
                            <h4>Branding</h4>
                        </div>
                    </div>
                </div>

            </div>
        </div>

<!-- ==================================================================================================== -->

        <div class="about_us block_padding">
            <div class="container">

                <h2 class="text-center">About Us</h2>       
                <h4 class="text-center margin_h4">Proin iaculis purus consequat sem cure.</h4> 
                
                <div>
                    <div class="content">
                        <div>
                            <h3>
                                <span class="text-uppercase">July 2010</span><br>Our Humble Beginnings
                            </h3>
                            <p>
                                Lorem ipsum dolor sit amet consectetur, adipisicing elit. Voluptas ducimus, distinctio neque mollitia maiores culpa ut saepe animi vel maxime deserunt totam veniam, dolorem quo similique pariatur quod.
                            </p>
                        </div>

                        <div>
                            <div class="round_block">
                                <img src="img/about_1.jpg">
                            </div>
                        </div>

                        <div></div>
                    </div>

                    <div class="content">
                        <div>
                            <h3>
                                <span class="text-uppercase">January 2011</span><br>Facing Startup Battles
                            </h3>
                            <p>
                                Lorem ipsum dolor sit amet consectetur, adipisicing elit. Voluptas ducimus, distinctio neque mollitia maiores culpa ut saepe animi vel maxime deserunt totam veniam, dolorem quo similique pariatur quod.
                            </p>
                        </div>

                        <div>
                            <div class="round_block">
                                <img src="img/about_2.jpg">
                            </div>
                        </div>

                        <div></div>
                    </div>

                    <div class="content">
                        <div>
                            <h3>
                                <span class="text-uppercase">December 2012</span><br>Enter The Dark Days
                            </h3>
                            <p>
                                Lorem ipsum dolor sit amet consectetur, adipisicing elit. Voluptas ducimus, distinctio neque mollitia maiores culpa ut saepe animi vel maxime deserunt totam veniam, dolorem quo similique pariatur quod.
                            </p>
                        </div>

                        <div>
                            <div class="round_block">
                                <img src="img/about_3.jpg">
                            </div>
                        </div>

                        <div></div>
                    </div>

                    <div class="content">
                        <div>
                            <h3>
                                <span class="text-uppercase">February 2014</span><br>Our Triumph
                            </h3>
                            <p>
                                Lorem ipsum dolor sit amet consectetur, adipisicing elit. Voluptas ducimus, distinctio neque mollitia maiores culpa ut saepe animi vel maxime deserunt totam veniam, dolorem quo similique pariatur quod.
                            </p>
                        </div>

                        <div>
                            <div class="round_block">
                                <img src="img/about_4.jpg">
                            </div>
                        </div>

                        <div></div>
                    </div>

                    <div class="content">
                        <div></div>

                        <div>
                            <div class="round_block block_center text-center text-uppercase">
                                <h3>Our<br>Story<br>Continues<br>...</h3>
                            </div>
                        </div>

                        <div></div>
                    </div>
                </div>
            </div>
        </div>

<!-- ==================================================================================================== -->

        <div class="our_amazing_team block_padding">
            <div class="container">   

                <h2 class="text-center">Our Amazing Team</h2>       
                <h4 class="text-center margin_h4">Proin iaculis purus consequat sem cure.</h4> 

                <div class="row">

                    <div class="col-sm-12 col-md-4 block_center">
                        <div class="black_circle"></div>
                        <h3>Kimberly Thompson</h3>
                        <p>Marketer</p>
                        <div>
                            <a href="#"><p>T</p></a>
                            <a href="#"><p>f</p></a>
                            <a href="#"><p>P</p></a>
                        </div>
                    </div>    

                    <div class="col-sm-12 col-md-4 block_center">
                        <div class="black_circle"></div>
                        <h3>Rico Massimo</h3>
                        <p>Coder</p>
                        <div>
                            <a href="#"><p>T</p></a>
                            <a href="#"><p>f</p></a>
                            <a href="#"><p>g</p></a>
                        </div>
                    </div>    

                    <div class="col-sm-12 col-md-4 block_center">
                        <div class="black_circle"></div>
                        <h3>Uku Mason</h3>
                        <p>Graphic Designer</p>
                        <div>
                            <a href="#"><p>f</p></a>
                            <a href="#"><p>P</p></a>
                        </div>
                    </div>    
                    
                </div>

                <p class="text-center">Lorem ipsum dolor sit amet consectetur adipisicing elit. Eaque unde a consectetur perspiciatis minus quibusdam enim aut dolore. Eaque, porro harum assumenda error voluptatibus necessitatibus.</p>

            </div>
        </div>

<!-- ==================================================================================================== -->

        <div class="block_logo">
            <div class="container">

                <div class="row">

                    <div class="col">
                        <img src="img/sponsor_1.png" alt="Envato">
                        <img src="img/sponsor_2.png" alt="WordPress">
                        <img src="img/sponsor_3.png" alt="aetuts+">
                        <img src="img/sponsor_4.png" alt="microlancer">
                    </div>

                </div>

            </div>
        </div>

<!-- ==================================================================================================== -->

        <div class="contact_us block_padding">
            <div class="container">

                <h2 class="text-center">Contact us</h2>       
                <h4 class="text-center margin_h4">Proin iaculis purus consequat sem cure.</h4> 

                <div class="row">

                    <div class="col-sm-12 col-md-6 contact_us_block">
                        <input type="name" placeholder="your name*">
                        <input type="email" placeholder="your e-mail*">
                        <input type="text" placeholder="subject">
                    </div>

                    <div class="col-sm-12 col-md-6 contact_us_block">
                        <textarea name="" id="" cols="30" rows="10" placeholder="Your message*"></textarea>
                    </div>

                </div>

                <div class="row justify-content-center">
                    <button type="button" class="btn btn-yellow text-uppercase">Send Message</button>
                </div>

            </div>
        </div>

<!-- ==================================================================================================== -->                                                                                                  

    </section>

<!-- ==================================================================================================== --> 

    <footer>

        <div class="container">
            
            <div>
                <div><h5>© Copyright 2014 FreebiesXpress.com</h5></div>
                <div class="black_circle_min">
                    <a href="">T</a>
                    <a href="">f</a>
                    <a href="">P</a>
                    <a href="">g</a>
                </div>
                <div></div>
            </div>

        </div>

    </footer>

<!-- ==================================================================================================== --> 

    <script src="bootstrap_4/js/jquery-3.3.1.slim.min.js"></script>
    <script src="bootstrap_4/js/popper.min.js"></script>
    <script src="bootstrap_4/js/bootstrap.min.js"></script>
</body>
</html>